

================================================================
== Vivado HLS Report for 'hls_macc'
================================================================
* Date:           Tue Jan 12 20:55:17 2021

* Version:        2019.2 (Build 2704478 on Wed Nov 06 22:10:23 MST 2019)
* Project:        no_branch
* Solution:       solution1
* Product family: zynq
* Target device:  xc7z020-clg484-1


================================================================
== Performance Estimates
================================================================
+ Timing: 
    * Summary: 
    +--------+----------+----------+------------+
    |  Clock |  Target  | Estimated| Uncertainty|
    +--------+----------+----------+------------+
    |ap_clk  | 10.00 ns | 8.510 ns |   1.25 ns  |
    +--------+----------+----------+------------+

+ Latency: 
    * Summary: 
    +---------+---------+-----------+-----------+-----+-----+---------+
    |  Latency (cycles) |   Latency (absolute)  |  Interval | Pipeline|
    |   min   |   max   |    min    |    max    | min | max |   Type  |
    +---------+---------+-----------+-----------+-----+-----+---------+
    |        6|        6| 60.000 ns | 60.000 ns |    6|    6|   none  |
    +---------+---------+-----------+-----------+-----+-----+---------+

    + Detail: 
        * Instance: 
        N/A

        * Loop: 
        N/A



================================================================
== Utilization Estimates
================================================================
* Summary: 
+-----------------+---------+-------+--------+-------+-----+
|       Name      | BRAM_18K| DSP48E|   FF   |  LUT  | URAM|
+-----------------+---------+-------+--------+-------+-----+
|DSP              |        -|      -|       -|      -|    -|
|Expression       |        -|     45|       0|    790|    -|
|FIFO             |        -|      -|       -|      -|    -|
|Instance         |        -|      -|       -|      -|    -|
|Memory           |        -|      -|       -|      -|    -|
|Multiplexer      |        -|      -|       -|     41|    -|
|Register         |        -|      -|     679|      -|    -|
+-----------------+---------+-------+--------+-------+-----+
|Total            |        0|     45|     679|    831|    0|
+-----------------+---------+-------+--------+-------+-----+
|Available        |      280|    220|  106400|  53200|    0|
+-----------------+---------+-------+--------+-------+-----+
|Utilization (%)  |        0|     20|   ~0   |      1|    0|
+-----------------+---------+-------+--------+-------+-----+

+ Detail: 
    * Instance: 
    N/A

    * DSP48E: 
    N/A

    * Memory: 
    N/A

    * FIFO: 
    N/A

    * Expression: 
    +----------------------+----------+-------+---+----+------------+------------+
    |     Variable Name    | Operation| DSP48E| FF| LUT| Bitwidth P0| Bitwidth P1|
    +----------------------+----------+-------+---+----+------------+------------+
    |mul_ln33_1_fu_195_p2  |     *    |      3|  0|  20|          32|          32|
    |mul_ln33_fu_191_p2    |     *    |      3|  0|  20|          32|          32|
    |op17_fu_183_p2        |     *    |      3|  0|  20|          32|          32|
    |op18_fu_187_p2        |     *    |      3|  0|  20|          32|          32|
    |op19_fu_199_p2        |     *    |      3|  0|  20|          32|          32|
    |op1_fu_207_p2         |     *    |      3|  0|  20|          32|          32|
    |op21_fu_219_p2        |     *    |      3|  0|  20|          32|          32|
    |op22_fu_223_p2        |     *    |      3|  0|  20|          32|          32|
    |op2_fu_213_p2         |     *    |      3|  0|  20|          32|          32|
    |op5_fu_139_p2         |     *    |      3|  0|  20|          32|          32|
    |op6_fu_145_p2         |     *    |      3|  0|  20|          32|          32|
    |op7_fu_151_p2         |     *    |      3|  0|  20|          32|          32|
    |op8_fu_157_p2         |     *    |      3|  0|  20|          32|          32|
    |tmp1_fu_251_p2        |     *    |      3|  0|  20|          32|          32|
    |tmp3_fu_255_p2        |     *    |      3|  0|  20|          32|          32|
    |add_ln25_fu_163_p2    |     +    |      0|  0|  32|          32|          32|
    |add_ln27_fu_173_p2    |     +    |      0|  0|  32|          32|          32|
    |add_ln41_1_fu_241_p2  |     +    |      0|  0|  39|          32|          32|
    |add_ln41_fu_237_p2    |     +    |      0|  0|  32|          32|          32|
    |add_ln46_1_fu_269_p2  |     +    |      0|  0|  39|          32|          32|
    |add_ln46_fu_264_p2    |     +    |      0|  0|  32|          32|          32|
    |ap_return1            |     +    |      0|  0|  32|          32|          32|
    |op13_fu_168_p2        |     +    |      0|  0|  32|          32|          32|
    |op14_fu_178_p2        |     +    |      0|  0|  32|          32|          32|
    |op20_fu_203_p2        |     +    |      0|  0|  39|          32|          32|
    |op27_fu_245_p2        |     +    |      0|  0|  32|          32|          32|
    |op28_fu_259_p2        |     +    |      0|  0|  39|          32|          32|
    |tmp2_fu_232_p2        |     +    |      0|  0|  39|          32|          32|
    |tmp_fu_227_p2         |     +    |      0|  0|  39|          32|          32|
    +----------------------+----------+-------+---+----+------------+------------+
    |Total                 |          |     45|  0| 790|         928|         928|
    +----------------------+----------+-------+---+----+------------+------------+

    * Multiplexer: 
    +-----------+----+-----------+-----+-----------+
    |    Name   | LUT| Input Size| Bits| Total Bits|
    +-----------+----+-----------+-----+-----------+
    |ap_NS_fsm  |  41|          8|    1|          8|
    +-----------+----+-----------+-----+-----------+
    |Total      |  41|          8|    1|          8|
    +-----------+----+-----------+-----+-----------+

    * Register: 
    +--------------------+----+----+-----+-----------+
    |        Name        | FF | LUT| Bits| Const Bits|
    +--------------------+----+----+-----+-----------+
    |ap_CS_fsm           |   7|   0|    7|          0|
    |mul_ln33_1_reg_347  |  32|   0|   32|          0|
    |mul_ln33_reg_342    |  32|   0|   32|          0|
    |op13_reg_316        |  32|   0|   32|          0|
    |op14_reg_324        |  32|   0|   32|          0|
    |op17_reg_332        |  32|   0|   32|          0|
    |op18_reg_337        |  32|   0|   32|          0|
    |op19_reg_352        |  32|   0|   32|          0|
    |op1_reg_364         |  32|   0|   32|          0|
    |op20_reg_358        |  32|   0|   32|          0|
    |op21_reg_374        |  32|   0|   32|          0|
    |op22_reg_379        |  32|   0|   32|          0|
    |op27_reg_394        |  32|   0|   32|          0|
    |op2_reg_369         |  32|   0|   32|          0|
    |op5_reg_296         |  32|   0|   32|          0|
    |op6_reg_301         |  32|   0|   32|          0|
    |op7_reg_306         |  32|   0|   32|          0|
    |op8_reg_311         |  32|   0|   32|          0|
    |tmp1_reg_400        |  32|   0|   32|          0|
    |tmp2_reg_389        |  32|   0|   32|          0|
    |tmp3_reg_405        |  32|   0|   32|          0|
    |tmp_reg_384         |  32|   0|   32|          0|
    +--------------------+----+----+-----+-----------+
    |Total               | 679|   0|  679|          0|
    +--------------------+----+----+-----+-----------+



================================================================
== Interface
================================================================
* Summary: 
+-------------------+-----+-----+------------+--------------+--------------+
|     RTL Ports     | Dir | Bits|  Protocol  | Source Object|    C Type    |
+-------------------+-----+-----+------------+--------------+--------------+
|ap_clk             |  in |    1| ap_ctrl_hs |   hls_macc   | return value |
|ap_rst             |  in |    1| ap_ctrl_hs |   hls_macc   | return value |
|ap_start           |  in |    1| ap_ctrl_hs |   hls_macc   | return value |
|ap_done            | out |    1| ap_ctrl_hs |   hls_macc   | return value |
|ap_idle            | out |    1| ap_ctrl_hs |   hls_macc   | return value |
|ap_ready           | out |    1| ap_ctrl_hs |   hls_macc   | return value |
|i1                 |  in |   32|   ap_none  |      i1      |    scalar    |
|i2                 |  in |   32|   ap_none  |      i2      |    scalar    |
|i3                 |  in |   32|   ap_none  |      i3      |    scalar    |
|i4                 |  in |   32|   ap_none  |      i4      |    scalar    |
|i5                 |  in |   32|   ap_none  |      i5      |    scalar    |
|i6                 |  in |   32|   ap_none  |      i6      |    scalar    |
|o1                 | out |   32|   ap_vld   |      o1      |    pointer   |
|o1_ap_vld          | out |    1|   ap_vld   |      o1      |    pointer   |
|o2                 | out |   32|   ap_vld   |      o2      |    pointer   |
|o2_ap_vld          | out |    1|   ap_vld   |      o2      |    pointer   |
|o3                 | out |   32|   ap_vld   |      o3      |    pointer   |
|o3_ap_vld          | out |    1|   ap_vld   |      o3      |    pointer   |
|o4                 | out |   32|   ap_vld   |      o4      |    pointer   |
|o4_ap_vld          | out |    1|   ap_vld   |      o4      |    pointer   |
|G1                 |  in |   32|   ap_none  |      G1      |    scalar    |
|G2                 |  in |   32|   ap_none  |      G2      |    scalar    |
|G3                 |  in |   32|   ap_none  |      G3      |    scalar    |
|G4                 |  in |   32|   ap_none  |      G4      |    scalar    |
|GG1                |  in |   32|   ap_none  |      GG1     |    scalar    |
|GG2                |  in |   32|   ap_none  |      GG2     |    scalar    |
|ap_return1         | out |   32|   ap_vld   |  ap_return1  |    pointer   |
|ap_return1_ap_vld  | out |    1|   ap_vld   |  ap_return1  |    pointer   |
+-------------------+-----+-----+------------+--------------+--------------+

