

================================================================
== Vivado HLS Report for 'hls_macc'
================================================================
* Date:           Fri Feb 19 19:11:29 2021

* Version:        2019.2 (Build 2704478 on Wed Nov 06 22:10:23 MST 2019)
* Project:        hls_macc
* Solution:       solution1
* Product family: zynq
* Target device:  xc7z020-clg484-1


================================================================
== Performance Estimates
================================================================
+ Timing: 
    * Summary: 
    +--------+----------+----------+------------+
    |  Clock |  Target  | Estimated| Uncertainty|
    +--------+----------+----------+------------+
    |ap_clk  | 10.00 ns | 8.742 ns |   1.25 ns  |
    +--------+----------+----------+------------+

+ Latency: 
    * Summary: 
    +---------+---------+-----------+-----------+-----+-----+---------+
    |  Latency (cycles) |   Latency (absolute)  |  Interval | Pipeline|
    |   min   |   max   |    min    |    max    | min | max |   Type  |
    +---------+---------+-----------+-----------+-----+-----+---------+
    |        4|        4| 40.000 ns | 40.000 ns |    4|    4|   none  |
    +---------+---------+-----------+-----------+-----+-----+---------+

    + Detail: 
        * Instance: 
        N/A

        * Loop: 
        N/A



================================================================
== Utilization Estimates
================================================================
* Summary: 
+-----------------+---------+-------+--------+-------+-----+
|       Name      | BRAM_18K| DSP48E|   FF   |  LUT  | URAM|
+-----------------+---------+-------+--------+-------+-----+
|DSP              |        -|      -|       -|      -|    -|
|Expression       |        -|     42|       0|    745|    -|
|FIFO             |        -|      -|       -|      -|    -|
|Instance         |        -|      -|       -|      -|    -|
|Memory           |        -|      -|       -|      -|    -|
|Multiplexer      |        -|      -|       -|     33|    -|
|Register         |        -|      -|     674|      -|    -|
+-----------------+---------+-------+--------+-------+-----+
|Total            |        0|     42|     674|    778|    0|
+-----------------+---------+-------+--------+-------+-----+
|Available        |      280|    220|  106400|  53200|    0|
+-----------------+---------+-------+--------+-------+-----+
|Utilization (%)  |        0|     19|   ~0   |      1|    0|
+-----------------+---------+-------+--------+-------+-----+

+ Detail: 
    * Instance: 
    N/A

    * DSP48E: 
    N/A

    * Memory: 
    N/A

    * FIFO: 
    N/A

    * Expression: 
    +----------------------+----------+-------+---+----+------------+------------+
    |     Variable Name    | Operation| DSP48E| FF| LUT| Bitwidth P0| Bitwidth P1|
    +----------------------+----------+-------+---+----+------------+------------+
    |add13_fu_215_p2       |     *    |      3|  0|  20|          32|          32|
    |add2_fu_199_p2        |     *    |      3|  0|  20|          32|          32|
    |add3_fu_125_p2        |     *    |      3|  0|  20|          32|          32|
    |add5_fu_131_p2        |     *    |      3|  0|  20|          32|          32|
    |add6_fu_203_p2        |     *    |      3|  0|  20|          32|          32|
    |mul_ln24_fu_172_p2    |     *    |      3|  0|  20|          32|          32|
    |mult10_fu_143_p2      |     *    |      3|  0|  20|          32|          32|
    |mult11_fu_162_p2      |     *    |      3|  0|  20|          32|          32|
    |mult13_fu_167_p2      |     *    |      3|  0|  20|          32|          32|
    |mult2_fu_137_p2       |     *    |      3|  0|  20|          32|          32|
    |mult7_fu_158_p2       |     *    |      3|  0|  20|          32|          32|
    |tmp3_fu_181_p2        |     *    |      3|  0|  20|          32|          32|
    |tmp5_fu_211_p2        |     *    |      3|  0|  20|          32|          32|
    |tmp7_fu_195_p2        |     *    |      3|  0|  20|          32|          32|
    |add14_fu_219_p2       |     +    |      0|  0|  39|          32|          32|
    |add9_fu_207_p2        |     +    |      0|  0|  39|          32|          32|
    |add_ln30_fu_177_p2    |     +    |      0|  0|  39|          32|          32|
    |add_ln40_1_fu_238_p2  |     +    |      0|  0|  32|          32|          32|
    |add_ln40_fu_243_p2    |     +    |      0|  0|  32|          32|          32|
    |add_ln42_fu_190_p2    |     +    |      0|  0|  39|          32|          32|
    |add_ln49_1_fu_252_p2  |     +    |      0|  0|  32|          32|          32|
    |add_ln49_fu_257_p2    |     +    |      0|  0|  32|          32|          32|
    |add_ln51_fu_263_p2    |     +    |      0|  0|  32|          32|          32|
    |ap_return             |     +    |      0|  0|  32|          32|          32|
    |tmp4_fu_186_p2        |     +    |      0|  0|  39|          32|          32|
    |tmp6_fu_154_p2        |     +    |      0|  0|  39|          32|          32|
    |tmp_fu_149_p2         |     +    |      0|  0|  39|          32|          32|
    +----------------------+----------+-------+---+----+------------+------------+
    |Total                 |          |     42|  0| 745|         864|         864|
    +----------------------+----------+-------+---+----+------------+------------+

    * Multiplexer: 
    +-----------+----+-----------+-----+-----------+
    |    Name   | LUT| Input Size| Bits| Total Bits|
    +-----------+----+-----------+-----+-----------+
    |ap_NS_fsm  |  33|          6|    1|          6|
    +-----------+----+-----------+-----+-----------+
    |Total      |  33|          6|    1|          6|
    +-----------+----+-----------+-----+-----------+

    * Register: 
    +------------------+----+----+-----+-----------+
    |       Name       | FF | LUT| Bits| Const Bits|
    +------------------+----+----+-----+-----------+
    |add13_reg_412     |  32|   0|   32|          0|
    |add2_reg_391      |  32|   0|   32|          0|
    |add3_reg_288      |  32|   0|   32|          0|
    |add5_reg_293      |  32|   0|   32|          0|
    |add6_reg_396      |  32|   0|   32|          0|
    |add9_reg_402      |  32|   0|   32|          0|
    |add_ln30_reg_366  |  32|   0|   32|          0|
    |add_ln42_reg_381  |  32|   0|   32|          0|
    |ap_CS_fsm         |   5|   0|    5|          0|
    |mul_ln24_reg_361  |  32|   0|   32|          0|
    |mult10_reg_331    |  32|   0|   32|          0|
    |mult11_reg_351    |  32|   0|   32|          0|
    |mult13_reg_356    |  32|   0|   32|          0|
    |mult2_reg_326     |  32|   0|   32|          0|
    |mult7_reg_346     |  32|   0|   32|          0|
    |tmp3_reg_371      |  32|   0|   32|          0|
    |tmp4_reg_376      |  32|   0|   32|          0|
    |tmp5_reg_407      |  32|   0|   32|          0|
    |tmp6_reg_341      |  32|   0|   32|          0|
    |tmp7_reg_386      |  32|   0|   32|          0|
    |tmp_reg_336       |  32|   0|   32|          0|
    |trunc_ln_reg_417  |  29|   0|   29|          0|
    +------------------+----+----+-----+-----------+
    |Total             | 674|   0|  674|          0|
    +------------------+----+----+-----+-----------+



================================================================
== Interface
================================================================
* Summary: 
+-------------+-----+-----+------------+--------------+--------------+
|  RTL Ports  | Dir | Bits|  Protocol  | Source Object|    C Type    |
+-------------+-----+-----+------------+--------------+--------------+
|ap_clk       |  in |    1| ap_ctrl_hs |   hls_macc   | return value |
|ap_rst       |  in |    1| ap_ctrl_hs |   hls_macc   | return value |
|ap_start     |  in |    1| ap_ctrl_hs |   hls_macc   | return value |
|ap_done      | out |    1| ap_ctrl_hs |   hls_macc   | return value |
|ap_idle      | out |    1| ap_ctrl_hs |   hls_macc   | return value |
|ap_ready     | out |    1| ap_ctrl_hs |   hls_macc   | return value |
|ap_return    | out |   32| ap_ctrl_hs |   hls_macc   | return value |
|in1          |  in |   32|   ap_none  |      in1     |    scalar    |
|in2          |  in |   32|   ap_none  |      in2     |    scalar    |
|in3          |  in |   32|   ap_none  |      in3     |    scalar    |
|in4          |  in |   32|   ap_none  |      in4     |    scalar    |
|in5          |  in |   32|   ap_none  |      in5     |    scalar    |
|in6          |  in |   32|   ap_none  |      in6     |    scalar    |
|in7          |  in |   32|   ap_none  |      in7     |    scalar    |
|in8          |  in |   32|   ap_none  |      in8     |    scalar    |
|in9          |  in |   32|   ap_none  |      in9     |    scalar    |
|in10         |  in |   32|   ap_none  |     in10     |    scalar    |
|out1         | out |   32|   ap_vld   |     out1     |    pointer   |
|out1_ap_vld  | out |    1|   ap_vld   |     out1     |    pointer   |
|out2         | out |   32|   ap_vld   |     out2     |    pointer   |
|out2_ap_vld  | out |    1|   ap_vld   |     out2     |    pointer   |
|out3         | out |   32|   ap_vld   |     out3     |    pointer   |
|out3_ap_vld  | out |    1|   ap_vld   |     out3     |    pointer   |
+-------------+-----+-----+------------+--------------+--------------+

