

================================================================
== Vivado HLS Report for 'parker'
================================================================
* Date:           Wed Jan  6 14:00:34 2021

* Version:        2019.2 (Build 2704478 on Wed Nov 06 22:10:23 MST 2019)
* Project:        parker
* Solution:       solution1
* Product family: zynq
* Target device:  xc7z020-clg484-1


================================================================
== Performance Estimates
================================================================
+ Timing: 
    * Summary: 
    +--------+----------+----------+------------+
    |  Clock |  Target  | Estimated| Uncertainty|
    +--------+----------+----------+------------+
    |ap_clk  | 10.00 ns | 7.656 ns |   1.25 ns  |
    +--------+----------+----------+------------+

+ Latency: 
    * Summary: 
    +---------+---------+-----------+-----------+-----+-----+---------+
    |  Latency (cycles) |   Latency (absolute)  |  Interval | Pipeline|
    |   min   |   max   |    min    |    max    | min | max |   Type  |
    +---------+---------+-----------+-----------+-----+-----+---------+
    |        1|        1| 10.000 ns | 10.000 ns |    1|    1|   none  |
    +---------+---------+-----------+-----------+-----+-----+---------+

    + Detail: 
        * Instance: 
        N/A

        * Loop: 
        N/A

============================================================
+ Verbose Summary: Synthesis Manager
============================================================
InlineROM: 1
ExposeGlobal: 0
============================================================
+ Verbose Summary: CDFG Model
============================================================
IsTopModel: 1
ResetActiveHigh: 1
IsCombinational: 0
IsDatapathOnly: 0
HasWiredReturn: 1
HasMFsm: 0
HasVarLatency: 1
IsPipeline: 0
IsRtlPipelined: 0
IsInstanceOverlapped: 0
IsDontTouch: 0
HasImplIP: 0
IsGatedGlobalClock: 0


============================================================
+ Verbose Summary: Schedule
============================================================
* Number of FSM states : 2
* Pipeline : 0
* Dataflow Pipeline: 0

* FSM state transitions: 
1 --> 2 
2 --> 

* FSM state operations: 

State 1 <SV = 0> <Delay = 7.65>
ST_1 : Operation 3 [1/1] (0.00ns)   --->   "%in5_read = call i32 @_ssdm_op_Read.ap_auto.i32(i32 %in5) nounwind" [parker.c:12]   --->   Operation 3 'read' 'in5_read' <Predicate = true> <Delay = 0.00>
ST_1 : Operation 4 [1/1] (0.00ns)   --->   "%in4_read = call i32 @_ssdm_op_Read.ap_auto.i32(i32 %in4) nounwind" [parker.c:12]   --->   Operation 4 'read' 'in4_read' <Predicate = true> <Delay = 0.00>
ST_1 : Operation 5 [1/1] (0.00ns)   --->   "%in3_read = call i32 @_ssdm_op_Read.ap_auto.i32(i32 %in3) nounwind" [parker.c:12]   --->   Operation 5 'read' 'in3_read' <Predicate = true> <Delay = 0.00>
ST_1 : Operation 6 [1/1] (0.00ns)   --->   "%in2_read = call i32 @_ssdm_op_Read.ap_auto.i32(i32 %in2) nounwind" [parker.c:12]   --->   Operation 6 'read' 'in2_read' <Predicate = true> <Delay = 0.00>
ST_1 : Operation 7 [1/1] (0.00ns)   --->   "%in1_read = call i32 @_ssdm_op_Read.ap_auto.i32(i32 %in1) nounwind" [parker.c:12]   --->   Operation 7 'read' 'in1_read' <Predicate = true> <Delay = 0.00>
ST_1 : Operation 8 [1/1] (2.55ns)   --->   "%sub_ln21 = sub i32 0, %in3_read" [parker.c:21]   --->   Operation 8 'sub' 'sub_ln21' <Predicate = true> <Delay = 2.55> <Core = "AddSub">   --->   Core 14 'AddSub' <Latency = 0> <II = 1> <Delay = 2.55> <FuncUnit> <Opcode : 'add' 'sub'> <InPorts = 2> <OutPorts = 1>
ST_1 : Operation 9 [1/1] (2.47ns)   --->   "%icmp_ln21 = icmp eq i32 %in2_read, %sub_ln21" [parker.c:21]   --->   Operation 9 'icmp' 'icmp_ln21' <Predicate = true> <Delay = 2.47> <Core = "Cmp">   --->   Core 25 'Cmp' <Latency = 0> <II = 1> <Delay = 2.47> <FuncUnit> <Opcode : 'icmp'> <InPorts = 2> <OutPorts = 1>
ST_1 : Operation 10 [1/1] (2.47ns)   --->   "%icmp_ln31 = icmp eq i32 %in4_read, 0" [parker.c:31]   --->   Operation 10 'icmp' 'icmp_ln31' <Predicate = true> <Delay = 2.47> <Core = "Cmp">   --->   Core 25 'Cmp' <Latency = 0> <II = 1> <Delay = 2.47> <FuncUnit> <Opcode : 'icmp'> <InPorts = 2> <OutPorts = 1>
ST_1 : Operation 11 [1/1] (2.55ns)   --->   "%t6_3 = add nsw i32 %in2_read, %in1_read" [parker.c:32]   --->   Operation 11 'add' 't6_3' <Predicate = true> <Delay = 2.55> <Core = "AddSub">   --->   Core 14 'AddSub' <Latency = 0> <II = 1> <Delay = 2.55> <FuncUnit> <Opcode : 'add' 'sub'> <InPorts = 2> <OutPorts = 1>
ST_1 : Operation 12 [1/1] (2.55ns)   --->   "%t6_4 = sub i32 0, %in2_read" [parker.c:35]   --->   Operation 12 'sub' 't6_4' <Predicate = true> <Delay = 2.55> <Core = "AddSub">   --->   Core 14 'AddSub' <Latency = 0> <II = 1> <Delay = 2.55> <FuncUnit> <Opcode : 'add' 'sub'> <InPorts = 2> <OutPorts = 1>
ST_1 : Operation 13 [1/1] (0.00ns) (grouped into LUT with out node t4)   --->   "%t6_5 = select i1 %icmp_ln31, i32 %t6_4, i32 %t6_3" [parker.c:31]   --->   Operation 13 'select' 't6_5' <Predicate = true> <Delay = 0.00> <Core = "Sel">   --->   Core 26 'Sel' <Latency = 0> <II = 1> <Delay = 0.69> <FuncUnit> <Opcode : 'select'> <InPorts = 3> <OutPorts = 1>
ST_1 : Operation 14 [1/1] (2.55ns) (out node of the LUT)   --->   "%t4 = sub nsw i32 %t6_5, %in4_read" [parker.c:37]   --->   Operation 14 'sub' 't4' <Predicate = true> <Delay = 2.55> <Core = "AddSub">   --->   Core 14 'AddSub' <Latency = 0> <II = 1> <Delay = 2.55> <FuncUnit> <Opcode : 'add' 'sub'> <InPorts = 2> <OutPorts = 1>
ST_1 : Operation 15 [1/1] (2.47ns)   --->   "%icmp_ln24 = icmp eq i32 %in1_read, 4" [parker.c:24]   --->   Operation 15 'icmp' 'icmp_ln24' <Predicate = true> <Delay = 2.47> <Core = "Cmp">   --->   Core 25 'Cmp' <Latency = 0> <II = 1> <Delay = 2.47> <FuncUnit> <Opcode : 'icmp'> <InPorts = 2> <OutPorts = 1>
ST_1 : Operation 16 [1/1] (2.55ns)   --->   "%t4_1 = add nsw i32 %in2_read, 4" [parker.c:25]   --->   Operation 16 'add' 't4_1' <Predicate = true> <Delay = 2.55> <Core = "AddSub">   --->   Core 14 'AddSub' <Latency = 0> <II = 1> <Delay = 2.55> <FuncUnit> <Opcode : 'add' 'sub'> <InPorts = 2> <OutPorts = 1>
ST_1 : Operation 17 [1/1] (2.55ns)   --->   "%t4_2 = sub nsw i32 %in3_read, %in5_read" [parker.c:27]   --->   Operation 17 'sub' 't4_2' <Predicate = true> <Delay = 2.55> <Core = "AddSub">   --->   Core 14 'AddSub' <Latency = 0> <II = 1> <Delay = 2.55> <FuncUnit> <Opcode : 'add' 'sub'> <InPorts = 2> <OutPorts = 1>
ST_1 : Operation 18 [1/1] (0.00ns) (grouped into LUT with out node t6_6)   --->   "%t4_3 = select i1 %icmp_ln24, i32 %t4_2, i32 %t4_1" [parker.c:24]   --->   Operation 18 'select' 't4_3' <Predicate = true> <Delay = 0.00> <Core = "Sel">   --->   Core 26 'Sel' <Latency = 0> <II = 1> <Delay = 0.69> <FuncUnit> <Opcode : 'select'> <InPorts = 3> <OutPorts = 1>
ST_1 : Operation 19 [1/1] (0.00ns) (grouped into LUT with out node t6_6)   --->   "%t4_4 = select i1 %icmp_ln21, i32 %t4, i32 %t4_3" [parker.c:21]   --->   Operation 19 'select' 't4_4' <Predicate = true> <Delay = 0.00> <Core = "Sel">   --->   Core 26 'Sel' <Latency = 0> <II = 1> <Delay = 0.69> <FuncUnit> <Opcode : 'select'> <InPorts = 3> <OutPorts = 1>
ST_1 : Operation 20 [1/1] (2.55ns) (out node of the LUT)   --->   "%t6_6 = add nsw i32 %t4_4, %in4_read" [parker.c:39]   --->   Operation 20 'add' 't6_6' <Predicate = true> <Delay = 2.55> <Core = "AddSub">   --->   Core 14 'AddSub' <Latency = 0> <II = 1> <Delay = 2.55> <FuncUnit> <Opcode : 'add' 'sub'> <InPorts = 2> <OutPorts = 1>

State 2 <SV = 1> <Delay = 5.72>
ST_2 : Operation 21 [1/1] (0.00ns)   --->   "call void (...)* @_ssdm_op_SpecBitsMap(i32 %in1) nounwind, !map !25"   --->   Operation 21 'specbitsmap' <Predicate = true> <Delay = 0.00>
ST_2 : Operation 22 [1/1] (0.00ns)   --->   "call void (...)* @_ssdm_op_SpecBitsMap(i32 %in2) nounwind, !map !31"   --->   Operation 22 'specbitsmap' <Predicate = true> <Delay = 0.00>
ST_2 : Operation 23 [1/1] (0.00ns)   --->   "call void (...)* @_ssdm_op_SpecBitsMap(i32 %in3) nounwind, !map !35"   --->   Operation 23 'specbitsmap' <Predicate = true> <Delay = 0.00>
ST_2 : Operation 24 [1/1] (0.00ns)   --->   "call void (...)* @_ssdm_op_SpecBitsMap(i32 %in4) nounwind, !map !39"   --->   Operation 24 'specbitsmap' <Predicate = true> <Delay = 0.00>
ST_2 : Operation 25 [1/1] (0.00ns)   --->   "call void (...)* @_ssdm_op_SpecBitsMap(i32 %in5) nounwind, !map !43"   --->   Operation 25 'specbitsmap' <Predicate = true> <Delay = 0.00>
ST_2 : Operation 26 [1/1] (0.00ns)   --->   "call void (...)* @_ssdm_op_SpecBitsMap(i32 %in6) nounwind, !map !47"   --->   Operation 26 'specbitsmap' <Predicate = true> <Delay = 0.00>
ST_2 : Operation 27 [1/1] (0.00ns)   --->   "call void (...)* @_ssdm_op_SpecBitsMap(i32 0) nounwind, !map !51"   --->   Operation 27 'specbitsmap' <Predicate = true> <Delay = 0.00>
ST_2 : Operation 28 [1/1] (0.00ns)   --->   "call void (...)* @_ssdm_op_SpecTopModule([7 x i8]* @parker_str) nounwind"   --->   Operation 28 'spectopmodule' <Predicate = true> <Delay = 0.00>
ST_2 : Operation 29 [1/1] (0.00ns)   --->   "%in6_read = call i32 @_ssdm_op_Read.ap_auto.i32(i32 %in6) nounwind" [parker.c:12]   --->   Operation 29 'read' 'in6_read' <Predicate = true> <Delay = 0.00>
ST_2 : Operation 30 [1/1] (2.47ns)   --->   "%icmp_ln19 = icmp eq i32 %in5_read, 0" [parker.c:19]   --->   Operation 30 'icmp' 'icmp_ln19' <Predicate = true> <Delay = 2.47> <Core = "Cmp">   --->   Core 25 'Cmp' <Latency = 0> <II = 1> <Delay = 2.47> <FuncUnit> <Opcode : 'icmp'> <InPorts = 2> <OutPorts = 1>
ST_2 : Operation 31 [1/1] (2.47ns)   --->   "%icmp_ln41 = icmp eq i32 %in6_read, 0" [parker.c:41]   --->   Operation 31 'icmp' 'icmp_ln41' <Predicate = true> <Delay = 2.47> <Core = "Cmp">   --->   Core 25 'Cmp' <Latency = 0> <II = 1> <Delay = 2.47> <FuncUnit> <Opcode : 'icmp'> <InPorts = 2> <OutPorts = 1>
ST_2 : Operation 32 [1/1] (2.55ns)   --->   "%t6 = add nsw i32 %in2_read, 5" [parker.c:42]   --->   Operation 32 'add' 't6' <Predicate = true> <Delay = 2.55> <Core = "AddSub">   --->   Core 14 'AddSub' <Latency = 0> <II = 1> <Delay = 2.55> <FuncUnit> <Opcode : 'add' 'sub'> <InPorts = 2> <OutPorts = 1>
ST_2 : Operation 33 [1/1] (2.55ns)   --->   "%t6_1 = sub nsw i32 8, %in4_read" [parker.c:44]   --->   Operation 33 'sub' 't6_1' <Predicate = true> <Delay = 2.55> <Core = "AddSub">   --->   Core 14 'AddSub' <Latency = 0> <II = 1> <Delay = 2.55> <FuncUnit> <Opcode : 'add' 'sub'> <InPorts = 2> <OutPorts = 1>
ST_2 : Operation 34 [1/1] (0.00ns) (grouped into LUT with out node icmp_ln46)   --->   "%t6_2 = select i1 %icmp_ln41, i32 %t6_1, i32 %t6" [parker.c:41]   --->   Operation 34 'select' 't6_2' <Predicate = true> <Delay = 0.00> <Core = "Sel">   --->   Core 26 'Sel' <Latency = 0> <II = 1> <Delay = 0.69> <FuncUnit> <Opcode : 'select'> <InPorts = 3> <OutPorts = 1>
ST_2 : Operation 35 [1/1] (0.00ns) (grouped into LUT with out node icmp_ln46)   --->   "%t6_7 = select i1 %icmp_ln19, i32 %t6_2, i32 %t6_6" [parker.c:19]   --->   Operation 35 'select' 't6_7' <Predicate = true> <Delay = 0.00> <Core = "Sel">   --->   Core 26 'Sel' <Latency = 0> <II = 1> <Delay = 0.69> <FuncUnit> <Opcode : 'select'> <InPorts = 3> <OutPorts = 1>
ST_2 : Operation 36 [1/1] (2.47ns) (out node of the LUT)   --->   "%icmp_ln46 = icmp eq i32 %t6_7, 0" [parker.c:46]   --->   Operation 36 'icmp' 'icmp_ln46' <Predicate = true> <Delay = 2.47> <Core = "Cmp">   --->   Core 25 'Cmp' <Latency = 0> <II = 1> <Delay = 2.47> <FuncUnit> <Opcode : 'icmp'> <InPorts = 2> <OutPorts = 1>
ST_2 : Operation 37 [1/1] (2.55ns)   --->   "%out1 = add nsw i32 %in1_read, -5" [parker.c:47]   --->   Operation 37 'add' 'out1' <Predicate = true> <Delay = 2.55> <Core = "AddSub">   --->   Core 14 'AddSub' <Latency = 0> <II = 1> <Delay = 2.55> <FuncUnit> <Opcode : 'add' 'sub'> <InPorts = 2> <OutPorts = 1>
ST_2 : Operation 38 [1/1] (2.55ns)   --->   "%out1_1 = add nsw i32 %in5_read, 8" [parker.c:49]   --->   Operation 38 'add' 'out1_1' <Predicate = true> <Delay = 2.55> <Core = "AddSub">   --->   Core 14 'AddSub' <Latency = 0> <II = 1> <Delay = 2.55> <FuncUnit> <Opcode : 'add' 'sub'> <InPorts = 2> <OutPorts = 1>
ST_2 : Operation 39 [1/1] (0.69ns)   --->   "%out1_2 = select i1 %icmp_ln46, i32 %out1_1, i32 %out1" [parker.c:46]   --->   Operation 39 'select' 'out1_2' <Predicate = true> <Delay = 0.69> <Core = "Sel">   --->   Core 26 'Sel' <Latency = 0> <II = 1> <Delay = 0.69> <FuncUnit> <Opcode : 'select'> <InPorts = 3> <OutPorts = 1>
ST_2 : Operation 40 [1/1] (0.00ns)   --->   "ret i32 %out1_2" [parker.c:50]   --->   Operation 40 'ret' <Predicate = true> <Delay = 0.00>


============================================================
+ Verbose Summary: Binding
============================================================
STG Binding: 
---------------- STG Properties BEGIN ----------------
- Is combinational: 0
- Is one-state seq: 0
- Is datapath-only: 0
- Is pipelined: 0
- Is top level: 1
Port [ Return ] is wired: 1; IO mode=ap_ctrl_hs:ce=0
Port [ in1]:  wired=1; compound=0; hidden=0; nouse=0; global=0; static=0; extern=0; dir=0; type=0; pingpong=0; private_global=0; IO mode=ap_none:ce=0
Port [ in2]:  wired=1; compound=0; hidden=0; nouse=0; global=0; static=0; extern=0; dir=0; type=0; pingpong=0; private_global=0; IO mode=ap_none:ce=0
Port [ in3]:  wired=1; compound=0; hidden=0; nouse=0; global=0; static=0; extern=0; dir=0; type=0; pingpong=0; private_global=0; IO mode=ap_none:ce=0
Port [ in4]:  wired=1; compound=0; hidden=0; nouse=0; global=0; static=0; extern=0; dir=0; type=0; pingpong=0; private_global=0; IO mode=ap_none:ce=0
Port [ in5]:  wired=1; compound=0; hidden=0; nouse=0; global=0; static=0; extern=0; dir=0; type=0; pingpong=0; private_global=0; IO mode=ap_none:ce=0
Port [ in6]:  wired=1; compound=0; hidden=0; nouse=0; global=0; static=0; extern=0; dir=0; type=0; pingpong=0; private_global=0; IO mode=ap_none:ce=0
---------------- STG Properties END ------------------

---------------- Datapath Model BEGIN ----------------

<LifeTime>
<method=bitvector/>
in5_read          (read         ) [ 001]
in4_read          (read         ) [ 001]
in3_read          (read         ) [ 000]
in2_read          (read         ) [ 001]
in1_read          (read         ) [ 001]
sub_ln21          (sub          ) [ 000]
icmp_ln21         (icmp         ) [ 000]
icmp_ln31         (icmp         ) [ 000]
t6_3              (add          ) [ 000]
t6_4              (sub          ) [ 000]
t6_5              (select       ) [ 000]
t4                (sub          ) [ 000]
icmp_ln24         (icmp         ) [ 000]
t4_1              (add          ) [ 000]
t4_2              (sub          ) [ 000]
t4_3              (select       ) [ 000]
t4_4              (select       ) [ 000]
t6_6              (add          ) [ 001]
specbitsmap_ln0   (specbitsmap  ) [ 000]
specbitsmap_ln0   (specbitsmap  ) [ 000]
specbitsmap_ln0   (specbitsmap  ) [ 000]
specbitsmap_ln0   (specbitsmap  ) [ 000]
specbitsmap_ln0   (specbitsmap  ) [ 000]
specbitsmap_ln0   (specbitsmap  ) [ 000]
specbitsmap_ln0   (specbitsmap  ) [ 000]
spectopmodule_ln0 (spectopmodule) [ 000]
in6_read          (read         ) [ 000]
icmp_ln19         (icmp         ) [ 000]
icmp_ln41         (icmp         ) [ 000]
t6                (add          ) [ 000]
t6_1              (sub          ) [ 000]
t6_2              (select       ) [ 000]
t6_7              (select       ) [ 000]
icmp_ln46         (icmp         ) [ 000]
out1              (add          ) [ 000]
out1_1            (add          ) [ 000]
out1_2            (select       ) [ 000]
ret_ln50          (ret          ) [ 000]
</LifeTime>

<model>

<comp_list>
<comp id="0" class="1000" name="in1">
<pin_list>
<pin id="1" dir="1" index="0" bw="1" slack="0"/>
</pin_list>
<bind>
<StgValue><ssdm name="in1"/></StgValue>
</bind>
</comp>

<comp id="2" class="1000" name="in2">
<pin_list>
<pin id="3" dir="1" index="0" bw="1" slack="0"/>
</pin_list>
<bind>
<StgValue><ssdm name="in2"/></StgValue>
</bind>
</comp>

<comp id="4" class="1000" name="in3">
<pin_list>
<pin id="5" dir="1" index="0" bw="1" slack="0"/>
</pin_list>
<bind>
<StgValue><ssdm name="in3"/></StgValue>
</bind>
</comp>

<comp id="6" class="1000" name="in4">
<pin_list>
<pin id="7" dir="1" index="0" bw="1" slack="0"/>
</pin_list>
<bind>
<StgValue><ssdm name="in4"/></StgValue>
</bind>
</comp>

<comp id="8" class="1000" name="in5">
<pin_list>
<pin id="9" dir="1" index="0" bw="1" slack="0"/>
</pin_list>
<bind>
<StgValue><ssdm name="in5"/></StgValue>
</bind>
</comp>

<comp id="10" class="1000" name="in6">
<pin_list>
<pin id="11" dir="1" index="0" bw="1" slack="0"/>
</pin_list>
<bind>
<StgValue><ssdm name="in6"/></StgValue>
</bind>
</comp>

<comp id="12" class="1001" name="const_12">
<pin_list>
<pin id="13" dir="1" index="0" bw="1" slack="0"/>
</pin_list>
<bind>
<StgValue><ssdm name="_ssdm_op_Read.ap_auto.i32"/></StgValue>
</bind>
</comp>

<comp id="14" class="1001" name="const_14">
<pin_list>
<pin id="15" dir="1" index="0" bw="1" slack="0"/>
</pin_list>
<bind>
<StgValue><ssdm name=""/></StgValue>
</bind>
</comp>

<comp id="16" class="1001" name="const_16">
<pin_list>
<pin id="17" dir="1" index="0" bw="1" slack="0"/>
</pin_list>
<bind>
<StgValue><ssdm name=""/></StgValue>
</bind>
</comp>

<comp id="18" class="1001" name="const_18">
<pin_list>
<pin id="19" dir="1" index="0" bw="1" slack="2147483647"/>
</pin_list>
<bind>
<StgValue><ssdm name="_ssdm_op_SpecBitsMap"/></StgValue>
</bind>
</comp>

<comp id="20" class="1001" name="const_20">
<pin_list>
<pin id="21" dir="1" index="0" bw="1" slack="2147483647"/>
</pin_list>
<bind>
<StgValue><ssdm name="_ssdm_op_SpecTopModule"/></StgValue>
</bind>
</comp>

<comp id="22" class="1001" name="const_22">
<pin_list>
<pin id="23" dir="1" index="0" bw="1" slack="2147483647"/>
</pin_list>
<bind>
<StgValue><ssdm name="parker_str"/></StgValue>
</bind>
</comp>

<comp id="24" class="1001" name="const_24">
<pin_list>
<pin id="25" dir="1" index="0" bw="1" slack="0"/>
</pin_list>
<bind>
<StgValue><ssdm name=""/></StgValue>
</bind>
</comp>

<comp id="26" class="1001" name="const_26">
<pin_list>
<pin id="27" dir="1" index="0" bw="1" slack="0"/>
</pin_list>
<bind>
<StgValue><ssdm name=""/></StgValue>
</bind>
</comp>

<comp id="28" class="1001" name="const_28">
<pin_list>
<pin id="29" dir="1" index="0" bw="1" slack="0"/>
</pin_list>
<bind>
<StgValue><ssdm name=""/></StgValue>
</bind>
</comp>

<comp id="30" class="1004" name="in5_read_read_fu_30">
<pin_list>
<pin id="31" dir="0" index="0" bw="32" slack="0"/>
<pin id="32" dir="0" index="1" bw="32" slack="0"/>
<pin id="33" dir="1" index="2" bw="32" slack="0"/>
</pin_list>
<bind>
<opcode="read(1150) " fcode="read"/>
<opset="in5_read/1 "/>
</bind>
</comp>

<comp id="36" class="1004" name="in4_read_read_fu_36">
<pin_list>
<pin id="37" dir="0" index="0" bw="32" slack="0"/>
<pin id="38" dir="0" index="1" bw="32" slack="0"/>
<pin id="39" dir="1" index="2" bw="32" slack="0"/>
</pin_list>
<bind>
<opcode="read(1150) " fcode="read"/>
<opset="in4_read/1 "/>
</bind>
</comp>

<comp id="42" class="1004" name="in3_read_read_fu_42">
<pin_list>
<pin id="43" dir="0" index="0" bw="32" slack="0"/>
<pin id="44" dir="0" index="1" bw="32" slack="0"/>
<pin id="45" dir="1" index="2" bw="32" slack="0"/>
</pin_list>
<bind>
<opcode="read(1150) " fcode="read"/>
<opset="in3_read/1 "/>
</bind>
</comp>

<comp id="48" class="1004" name="in2_read_read_fu_48">
<pin_list>
<pin id="49" dir="0" index="0" bw="32" slack="0"/>
<pin id="50" dir="0" index="1" bw="32" slack="0"/>
<pin id="51" dir="1" index="2" bw="32" slack="0"/>
</pin_list>
<bind>
<opcode="read(1150) " fcode="read"/>
<opset="in2_read/1 "/>
</bind>
</comp>

<comp id="54" class="1004" name="in1_read_read_fu_54">
<pin_list>
<pin id="55" dir="0" index="0" bw="32" slack="0"/>
<pin id="56" dir="0" index="1" bw="32" slack="0"/>
<pin id="57" dir="1" index="2" bw="32" slack="0"/>
</pin_list>
<bind>
<opcode="read(1150) " fcode="read"/>
<opset="in1_read/1 "/>
</bind>
</comp>

<comp id="60" class="1004" name="in6_read_read_fu_60">
<pin_list>
<pin id="61" dir="0" index="0" bw="32" slack="0"/>
<pin id="62" dir="0" index="1" bw="32" slack="0"/>
<pin id="63" dir="1" index="2" bw="32" slack="0"/>
</pin_list>
<bind>
<opcode="read(1150) " fcode="read"/>
<opset="in6_read/2 "/>
</bind>
</comp>

<comp id="66" class="1004" name="sub_ln21_fu_66">
<pin_list>
<pin id="67" dir="0" index="0" bw="1" slack="0"/>
<pin id="68" dir="0" index="1" bw="32" slack="0"/>
<pin id="69" dir="1" index="2" bw="32" slack="0"/>
</pin_list>
<bind>
<opcode="sub(10) " fcode="sub"/>
<opset="sub_ln21/1 "/>
</bind>
</comp>

<comp id="72" class="1004" name="icmp_ln21_fu_72">
<pin_list>
<pin id="73" dir="0" index="0" bw="32" slack="0"/>
<pin id="74" dir="0" index="1" bw="32" slack="0"/>
<pin id="75" dir="1" index="2" bw="1" slack="0"/>
</pin_list>
<bind>
<opcode="icmp(45) " fcode="icmp"/>
<opset="icmp_ln21/1 "/>
</bind>
</comp>

<comp id="78" class="1004" name="icmp_ln31_fu_78">
<pin_list>
<pin id="79" dir="0" index="0" bw="32" slack="0"/>
<pin id="80" dir="0" index="1" bw="1" slack="0"/>
<pin id="81" dir="1" index="2" bw="1" slack="0"/>
</pin_list>
<bind>
<opcode="icmp(45) " fcode="icmp"/>
<opset="icmp_ln31/1 "/>
</bind>
</comp>

<comp id="84" class="1004" name="t6_3_fu_84">
<pin_list>
<pin id="85" dir="0" index="0" bw="32" slack="0"/>
<pin id="86" dir="0" index="1" bw="32" slack="0"/>
<pin id="87" dir="1" index="2" bw="32" slack="0"/>
</pin_list>
<bind>
<opcode="add(8) " fcode="add"/>
<opset="t6_3/1 "/>
</bind>
</comp>

<comp id="90" class="1004" name="t6_4_fu_90">
<pin_list>
<pin id="91" dir="0" index="0" bw="1" slack="0"/>
<pin id="92" dir="0" index="1" bw="32" slack="0"/>
<pin id="93" dir="1" index="2" bw="32" slack="0"/>
</pin_list>
<bind>
<opcode="sub(10) " fcode="sub"/>
<opset="t6_4/1 "/>
</bind>
</comp>

<comp id="96" class="1004" name="t6_5_fu_96">
<pin_list>
<pin id="97" dir="0" index="0" bw="1" slack="0"/>
<pin id="98" dir="0" index="1" bw="32" slack="0"/>
<pin id="99" dir="0" index="2" bw="32" slack="0"/>
<pin id="100" dir="1" index="3" bw="32" slack="0"/>
</pin_list>
<bind>
<opcode="select(49) " fcode="select"/>
<opset="t6_5/1 "/>
</bind>
</comp>

<comp id="104" class="1004" name="t4_fu_104">
<pin_list>
<pin id="105" dir="0" index="0" bw="32" slack="0"/>
<pin id="106" dir="0" index="1" bw="32" slack="0"/>
<pin id="107" dir="1" index="2" bw="32" slack="0"/>
</pin_list>
<bind>
<opcode="sub(10) " fcode="sub"/>
<opset="t4/1 "/>
</bind>
</comp>

<comp id="110" class="1004" name="icmp_ln24_fu_110">
<pin_list>
<pin id="111" dir="0" index="0" bw="32" slack="0"/>
<pin id="112" dir="0" index="1" bw="4" slack="0"/>
<pin id="113" dir="1" index="2" bw="1" slack="0"/>
</pin_list>
<bind>
<opcode="icmp(45) " fcode="icmp"/>
<opset="icmp_ln24/1 "/>
</bind>
</comp>

<comp id="116" class="1004" name="t4_1_fu_116">
<pin_list>
<pin id="117" dir="0" index="0" bw="32" slack="0"/>
<pin id="118" dir="0" index="1" bw="4" slack="0"/>
<pin id="119" dir="1" index="2" bw="32" slack="0"/>
</pin_list>
<bind>
<opcode="add(8) " fcode="add"/>
<opset="t4_1/1 "/>
</bind>
</comp>

<comp id="122" class="1004" name="t4_2_fu_122">
<pin_list>
<pin id="123" dir="0" index="0" bw="32" slack="0"/>
<pin id="124" dir="0" index="1" bw="32" slack="0"/>
<pin id="125" dir="1" index="2" bw="32" slack="0"/>
</pin_list>
<bind>
<opcode="sub(10) " fcode="sub"/>
<opset="t4_2/1 "/>
</bind>
</comp>

<comp id="128" class="1004" name="t4_3_fu_128">
<pin_list>
<pin id="129" dir="0" index="0" bw="1" slack="0"/>
<pin id="130" dir="0" index="1" bw="32" slack="0"/>
<pin id="131" dir="0" index="2" bw="32" slack="0"/>
<pin id="132" dir="1" index="3" bw="32" slack="0"/>
</pin_list>
<bind>
<opcode="select(49) " fcode="select"/>
<opset="t4_3/1 "/>
</bind>
</comp>

<comp id="136" class="1004" name="t4_4_fu_136">
<pin_list>
<pin id="137" dir="0" index="0" bw="1" slack="0"/>
<pin id="138" dir="0" index="1" bw="32" slack="0"/>
<pin id="139" dir="0" index="2" bw="32" slack="0"/>
<pin id="140" dir="1" index="3" bw="32" slack="0"/>
</pin_list>
<bind>
<opcode="select(49) " fcode="select"/>
<opset="t4_4/1 "/>
</bind>
</comp>

<comp id="144" class="1004" name="t6_6_fu_144">
<pin_list>
<pin id="145" dir="0" index="0" bw="32" slack="0"/>
<pin id="146" dir="0" index="1" bw="32" slack="0"/>
<pin id="147" dir="1" index="2" bw="32" slack="1"/>
</pin_list>
<bind>
<opcode="add(8) " fcode="add"/>
<opset="t6_6/1 "/>
</bind>
</comp>

<comp id="150" class="1004" name="icmp_ln19_fu_150">
<pin_list>
<pin id="151" dir="0" index="0" bw="32" slack="1"/>
<pin id="152" dir="0" index="1" bw="1" slack="0"/>
<pin id="153" dir="1" index="2" bw="1" slack="0"/>
</pin_list>
<bind>
<opcode="icmp(45) " fcode="icmp"/>
<opset="icmp_ln19/2 "/>
</bind>
</comp>

<comp id="155" class="1004" name="icmp_ln41_fu_155">
<pin_list>
<pin id="156" dir="0" index="0" bw="32" slack="0"/>
<pin id="157" dir="0" index="1" bw="1" slack="0"/>
<pin id="158" dir="1" index="2" bw="1" slack="0"/>
</pin_list>
<bind>
<opcode="icmp(45) " fcode="icmp"/>
<opset="icmp_ln41/2 "/>
</bind>
</comp>

<comp id="161" class="1004" name="t6_fu_161">
<pin_list>
<pin id="162" dir="0" index="0" bw="32" slack="1"/>
<pin id="163" dir="0" index="1" bw="4" slack="0"/>
<pin id="164" dir="1" index="2" bw="32" slack="0"/>
</pin_list>
<bind>
<opcode="add(8) " fcode="add"/>
<opset="t6/2 "/>
</bind>
</comp>

<comp id="166" class="1004" name="t6_1_fu_166">
<pin_list>
<pin id="167" dir="0" index="0" bw="5" slack="0"/>
<pin id="168" dir="0" index="1" bw="32" slack="1"/>
<pin id="169" dir="1" index="2" bw="32" slack="0"/>
</pin_list>
<bind>
<opcode="sub(10) " fcode="sub"/>
<opset="t6_1/2 "/>
</bind>
</comp>

<comp id="171" class="1004" name="t6_2_fu_171">
<pin_list>
<pin id="172" dir="0" index="0" bw="1" slack="0"/>
<pin id="173" dir="0" index="1" bw="32" slack="0"/>
<pin id="174" dir="0" index="2" bw="32" slack="0"/>
<pin id="175" dir="1" index="3" bw="32" slack="0"/>
</pin_list>
<bind>
<opcode="select(49) " fcode="select"/>
<opset="t6_2/2 "/>
</bind>
</comp>

<comp id="179" class="1004" name="t6_7_fu_179">
<pin_list>
<pin id="180" dir="0" index="0" bw="1" slack="0"/>
<pin id="181" dir="0" index="1" bw="32" slack="0"/>
<pin id="182" dir="0" index="2" bw="32" slack="1"/>
<pin id="183" dir="1" index="3" bw="32" slack="0"/>
</pin_list>
<bind>
<opcode="select(49) " fcode="select"/>
<opset="t6_7/2 "/>
</bind>
</comp>

<comp id="186" class="1004" name="icmp_ln46_fu_186">
<pin_list>
<pin id="187" dir="0" index="0" bw="32" slack="0"/>
<pin id="188" dir="0" index="1" bw="1" slack="0"/>
<pin id="189" dir="1" index="2" bw="1" slack="0"/>
</pin_list>
<bind>
<opcode="icmp(45) " fcode="icmp"/>
<opset="icmp_ln46/2 "/>
</bind>
</comp>

<comp id="192" class="1004" name="out1_fu_192">
<pin_list>
<pin id="193" dir="0" index="0" bw="32" slack="1"/>
<pin id="194" dir="0" index="1" bw="4" slack="0"/>
<pin id="195" dir="1" index="2" bw="32" slack="0"/>
</pin_list>
<bind>
<opcode="add(8) " fcode="add"/>
<opset="out1/2 "/>
</bind>
</comp>

<comp id="197" class="1004" name="out1_1_fu_197">
<pin_list>
<pin id="198" dir="0" index="0" bw="32" slack="1"/>
<pin id="199" dir="0" index="1" bw="5" slack="0"/>
<pin id="200" dir="1" index="2" bw="32" slack="0"/>
</pin_list>
<bind>
<opcode="add(8) " fcode="add"/>
<opset="out1_1/2 "/>
</bind>
</comp>

<comp id="202" class="1004" name="out1_2_fu_202">
<pin_list>
<pin id="203" dir="0" index="0" bw="1" slack="0"/>
<pin id="204" dir="0" index="1" bw="32" slack="0"/>
<pin id="205" dir="0" index="2" bw="32" slack="0"/>
<pin id="206" dir="1" index="3" bw="32" slack="2147483647"/>
</pin_list>
<bind>
<opcode="select(49) " fcode="select"/>
<opset="out1_2/2 "/>
</bind>
</comp>

<comp id="210" class="1005" name="in5_read_reg_210">
<pin_list>
<pin id="211" dir="0" index="0" bw="32" slack="1"/>
<pin id="212" dir="1" index="1" bw="32" slack="1"/>
</pin_list>
<bind>
<opset="in5_read "/>
</bind>
</comp>

<comp id="216" class="1005" name="in4_read_reg_216">
<pin_list>
<pin id="217" dir="0" index="0" bw="32" slack="1"/>
<pin id="218" dir="1" index="1" bw="32" slack="1"/>
</pin_list>
<bind>
<opset="in4_read "/>
</bind>
</comp>

<comp id="221" class="1005" name="in2_read_reg_221">
<pin_list>
<pin id="222" dir="0" index="0" bw="32" slack="1"/>
<pin id="223" dir="1" index="1" bw="32" slack="1"/>
</pin_list>
<bind>
<opset="in2_read "/>
</bind>
</comp>

<comp id="226" class="1005" name="in1_read_reg_226">
<pin_list>
<pin id="227" dir="0" index="0" bw="32" slack="1"/>
<pin id="228" dir="1" index="1" bw="32" slack="1"/>
</pin_list>
<bind>
<opset="in1_read "/>
</bind>
</comp>

<comp id="231" class="1005" name="t6_6_reg_231">
<pin_list>
<pin id="232" dir="0" index="0" bw="32" slack="1"/>
<pin id="233" dir="1" index="1" bw="32" slack="1"/>
</pin_list>
<bind>
<opset="t6_6 "/>
</bind>
</comp>

</comp_list>

<net_list>
<net id="34"><net_src comp="12" pin="0"/><net_sink comp="30" pin=0"/></net>

<net id="35"><net_src comp="8" pin="0"/><net_sink comp="30" pin=1"/></net>

<net id="40"><net_src comp="12" pin="0"/><net_sink comp="36" pin=0"/></net>

<net id="41"><net_src comp="6" pin="0"/><net_sink comp="36" pin=1"/></net>

<net id="46"><net_src comp="12" pin="0"/><net_sink comp="42" pin=0"/></net>

<net id="47"><net_src comp="4" pin="0"/><net_sink comp="42" pin=1"/></net>

<net id="52"><net_src comp="12" pin="0"/><net_sink comp="48" pin=0"/></net>

<net id="53"><net_src comp="2" pin="0"/><net_sink comp="48" pin=1"/></net>

<net id="58"><net_src comp="12" pin="0"/><net_sink comp="54" pin=0"/></net>

<net id="59"><net_src comp="0" pin="0"/><net_sink comp="54" pin=1"/></net>

<net id="64"><net_src comp="12" pin="0"/><net_sink comp="60" pin=0"/></net>

<net id="65"><net_src comp="10" pin="0"/><net_sink comp="60" pin=1"/></net>

<net id="70"><net_src comp="14" pin="0"/><net_sink comp="66" pin=0"/></net>

<net id="71"><net_src comp="42" pin="2"/><net_sink comp="66" pin=1"/></net>

<net id="76"><net_src comp="48" pin="2"/><net_sink comp="72" pin=0"/></net>

<net id="77"><net_src comp="66" pin="2"/><net_sink comp="72" pin=1"/></net>

<net id="82"><net_src comp="36" pin="2"/><net_sink comp="78" pin=0"/></net>

<net id="83"><net_src comp="14" pin="0"/><net_sink comp="78" pin=1"/></net>

<net id="88"><net_src comp="48" pin="2"/><net_sink comp="84" pin=0"/></net>

<net id="89"><net_src comp="54" pin="2"/><net_sink comp="84" pin=1"/></net>

<net id="94"><net_src comp="14" pin="0"/><net_sink comp="90" pin=0"/></net>

<net id="95"><net_src comp="48" pin="2"/><net_sink comp="90" pin=1"/></net>

<net id="101"><net_src comp="78" pin="2"/><net_sink comp="96" pin=0"/></net>

<net id="102"><net_src comp="90" pin="2"/><net_sink comp="96" pin=1"/></net>

<net id="103"><net_src comp="84" pin="2"/><net_sink comp="96" pin=2"/></net>

<net id="108"><net_src comp="96" pin="3"/><net_sink comp="104" pin=0"/></net>

<net id="109"><net_src comp="36" pin="2"/><net_sink comp="104" pin=1"/></net>

<net id="114"><net_src comp="54" pin="2"/><net_sink comp="110" pin=0"/></net>

<net id="115"><net_src comp="16" pin="0"/><net_sink comp="110" pin=1"/></net>

<net id="120"><net_src comp="48" pin="2"/><net_sink comp="116" pin=0"/></net>

<net id="121"><net_src comp="16" pin="0"/><net_sink comp="116" pin=1"/></net>

<net id="126"><net_src comp="42" pin="2"/><net_sink comp="122" pin=0"/></net>

<net id="127"><net_src comp="30" pin="2"/><net_sink comp="122" pin=1"/></net>

<net id="133"><net_src comp="110" pin="2"/><net_sink comp="128" pin=0"/></net>

<net id="134"><net_src comp="122" pin="2"/><net_sink comp="128" pin=1"/></net>

<net id="135"><net_src comp="116" pin="2"/><net_sink comp="128" pin=2"/></net>

<net id="141"><net_src comp="72" pin="2"/><net_sink comp="136" pin=0"/></net>

<net id="142"><net_src comp="104" pin="2"/><net_sink comp="136" pin=1"/></net>

<net id="143"><net_src comp="128" pin="3"/><net_sink comp="136" pin=2"/></net>

<net id="148"><net_src comp="136" pin="3"/><net_sink comp="144" pin=0"/></net>

<net id="149"><net_src comp="36" pin="2"/><net_sink comp="144" pin=1"/></net>

<net id="154"><net_src comp="14" pin="0"/><net_sink comp="150" pin=1"/></net>

<net id="159"><net_src comp="60" pin="2"/><net_sink comp="155" pin=0"/></net>

<net id="160"><net_src comp="14" pin="0"/><net_sink comp="155" pin=1"/></net>

<net id="165"><net_src comp="24" pin="0"/><net_sink comp="161" pin=1"/></net>

<net id="170"><net_src comp="26" pin="0"/><net_sink comp="166" pin=0"/></net>

<net id="176"><net_src comp="155" pin="2"/><net_sink comp="171" pin=0"/></net>

<net id="177"><net_src comp="166" pin="2"/><net_sink comp="171" pin=1"/></net>

<net id="178"><net_src comp="161" pin="2"/><net_sink comp="171" pin=2"/></net>

<net id="184"><net_src comp="150" pin="2"/><net_sink comp="179" pin=0"/></net>

<net id="185"><net_src comp="171" pin="3"/><net_sink comp="179" pin=1"/></net>

<net id="190"><net_src comp="179" pin="3"/><net_sink comp="186" pin=0"/></net>

<net id="191"><net_src comp="14" pin="0"/><net_sink comp="186" pin=1"/></net>

<net id="196"><net_src comp="28" pin="0"/><net_sink comp="192" pin=1"/></net>

<net id="201"><net_src comp="26" pin="0"/><net_sink comp="197" pin=1"/></net>

<net id="207"><net_src comp="186" pin="2"/><net_sink comp="202" pin=0"/></net>

<net id="208"><net_src comp="197" pin="2"/><net_sink comp="202" pin=1"/></net>

<net id="209"><net_src comp="192" pin="2"/><net_sink comp="202" pin=2"/></net>

<net id="213"><net_src comp="30" pin="2"/><net_sink comp="210" pin=0"/></net>

<net id="214"><net_src comp="210" pin="1"/><net_sink comp="150" pin=0"/></net>

<net id="215"><net_src comp="210" pin="1"/><net_sink comp="197" pin=0"/></net>

<net id="219"><net_src comp="36" pin="2"/><net_sink comp="216" pin=0"/></net>

<net id="220"><net_src comp="216" pin="1"/><net_sink comp="166" pin=1"/></net>

<net id="224"><net_src comp="48" pin="2"/><net_sink comp="221" pin=0"/></net>

<net id="225"><net_src comp="221" pin="1"/><net_sink comp="161" pin=0"/></net>

<net id="229"><net_src comp="54" pin="2"/><net_sink comp="226" pin=0"/></net>

<net id="230"><net_src comp="226" pin="1"/><net_sink comp="192" pin=0"/></net>

<net id="234"><net_src comp="144" pin="2"/><net_sink comp="231" pin=0"/></net>

<net id="235"><net_src comp="231" pin="1"/><net_sink comp="179" pin=2"/></net>

</net_list>

</model> 
---------------- Datapath Model END ------------------

* FSMD analyzer results:
  - Output states:
 - Input state : 
	Port: parker : in1 | {1 }
	Port: parker : in2 | {1 }
	Port: parker : in3 | {1 }
	Port: parker : in4 | {1 }
	Port: parker : in5 | {1 }
	Port: parker : in6 | {2 }
  - Chain level:
	State 1
		icmp_ln21 : 1
		t6_5 : 1
		t4 : 2
		t4_3 : 1
		t4_4 : 3
		t6_6 : 4
	State 2
		t6_2 : 1
		t6_7 : 2
		icmp_ln46 : 3
		out1_2 : 4
		ret_ln50 : 5


============================================================
+ Verbose Summary: Datapath Resource usage 
============================================================

* Functional unit list:
|----------|---------------------|---------|---------|
| Operation|   Functional Unit   |    FF   |   LUT   |
|----------|---------------------|---------|---------|
|          |      t6_3_fu_84     |    0    |    39   |
|          |     t4_1_fu_116     |    0    |    39   |
|    add   |     t6_6_fu_144     |    0    |    39   |
|          |      t6_fu_161      |    0    |    39   |
|          |     out1_fu_192     |    0    |    39   |
|          |    out1_1_fu_197    |    0    |    39   |
|----------|---------------------|---------|---------|
|          |    sub_ln21_fu_66   |    0    |    39   |
|          |      t6_4_fu_90     |    0    |    39   |
|    sub   |      t4_fu_104      |    0    |    39   |
|          |     t4_2_fu_122     |    0    |    39   |
|          |     t6_1_fu_166     |    0    |    39   |
|----------|---------------------|---------|---------|
|          |      t6_5_fu_96     |    0    |    32   |
|          |     t4_3_fu_128     |    0    |    32   |
|  select  |     t4_4_fu_136     |    0    |    32   |
|          |     t6_2_fu_171     |    0    |    32   |
|          |     t6_7_fu_179     |    0    |    32   |
|          |    out1_2_fu_202    |    0    |    32   |
|----------|---------------------|---------|---------|
|          |   icmp_ln21_fu_72   |    0    |    18   |
|          |   icmp_ln31_fu_78   |    0    |    18   |
|   icmp   |   icmp_ln24_fu_110  |    0    |    18   |
|          |   icmp_ln19_fu_150  |    0    |    18   |
|          |   icmp_ln41_fu_155  |    0    |    18   |
|          |   icmp_ln46_fu_186  |    0    |    18   |
|----------|---------------------|---------|---------|
|          | in5_read_read_fu_30 |    0    |    0    |
|          | in4_read_read_fu_36 |    0    |    0    |
|   read   | in3_read_read_fu_42 |    0    |    0    |
|          | in2_read_read_fu_48 |    0    |    0    |
|          | in1_read_read_fu_54 |    0    |    0    |
|          | in6_read_read_fu_60 |    0    |    0    |
|----------|---------------------|---------|---------|
|   Total  |                     |    0    |   729   |
|----------|---------------------|---------|---------|

Memories:
N/A

* Register list:
+----------------+--------+
|                |   FF   |
+----------------+--------+
|in1_read_reg_226|   32   |
|in2_read_reg_221|   32   |
|in4_read_reg_216|   32   |
|in5_read_reg_210|   32   |
|  t6_6_reg_231  |   32   |
+----------------+--------+
|      Total     |   160  |
+----------------+--------+

* Multiplexer (MUX) list: 
|--------|------|------|------|--------|
|  Comp  |  Pin | Size |  BW  | S x BW |
|--------|------|------|------|--------|
|  Total |      |      |      |    0   |
|--------|------|------|------|--------|



* Summary:
+-----------+--------+--------+
|           |   FF   |   LUT  |
+-----------+--------+--------+
|  Function |    0   |   729  |
|   Memory  |    -   |    -   |
|Multiplexer|    -   |    -   |
|  Register |   160  |    -   |
+-----------+--------+--------+
|   Total   |   160  |   729  |
+-----------+--------+--------+
